_________________________________________________________________________________________________________________________
_________________________________________________________________________________________________________________________
_________________________________________________________________________________________________________________________
_________________________________________________________________________________________________________________________
_________________________________________________________________________________________________________________________
_________________________________________________________________________________________________________________________
_______________________________#***##*********++=_______________________#**************++-_______________________________
___________________________#############**********+++-_____________############**********++++-___________________________
________________________####################********++++=_______*###############*********++++++=-________________________
______________________#######################*********+++++___##################**********++++++==-______________________
_____________________#######################*****************##################*********+++++++====-+____________________
___________________########################*****************###############************+*+++++++===--:___________________
__________________########################*#****************#############**************+++++++++====--:__________________
_________________###########################***************#*#########****************++++++++++====---:_________________
________________###########################*******************######**#*************+++++++++++=====---:=________________
________________#########################*******************#*#*###****************++++++++++=======---::________________
_______________#########################*#*****************************************+++++++++========---::=_______________
_______________*#######################**#**************************************+++++++++++++======----::._______________
_______________*####################**##***************************************++++++++++++=======----:::._______________
_______________***##############**###*#***************************************+++++++++++++======-----:::._______________
_______________****##########*###****#**************************************+++++++++++++========-----:::._______________
_______________*******##*************************************************+++++++++++++++=======------:::.._______________
_______________+****************************************************+*+++++++++++++++==========-----::::.._______________
________________***************************************************+*+++++++++++++++=========-------:::..________________
________________+**********************************************+****++++++++++++++==========-------:::...________________
_________________+**********************************************+++**+++++++++++=+========-------:::::.._________________
_________________++*********************************++*********+++*+++++++++++============------:::::..._________________
__________________++*******************************+*+********+**++++++++++++===========-------:::::...__________________
___________________++++***************************+**+++***+++++++++++++++++==========--------:::::...___________________
____________________+++++***************+*******+*++++++*++++++++++++++++=============------::::::...____________________
_____________________+++++**+*+**+*****+*+**++++*++++++++++++++++++++==+===========--------::::::....____________________
______________________++++++++*++*+*++*++++**++++++++++++++++++++++=++===========--------::::::....______________________
_______________________=++++++++++++++*++++++++++++++++++++++++++++============-=-------::::::...._______________________
________________________==++++++++++++++++++++++++++++++++++++++++============---------:::::.....________________________
_________________________==++++++++++++++++++++++++++++++++++++=============--------:::::::....._________________________
___________________________===++++++++++++++++++++++++++++++++=============--------::::::.....___________________________
____________________________====++++++++++++++++++++++++++++=+=========----------::::::......____________________________
______________________________======++++++++++++++++++++++==+=========----------:::::......______________________________
________________________________======+=++++++++++++++++++=+=======----------:::::::.....________________________________
__________________________________========+++=++++++=+++++========---------:::::::.....__________________________________
____________________________________=================+=+========--------:::::::......____________________________________
______________________________________-========================-------:::::::......______________________________________
________________________________________--====================-----:::::::.......________________________________________
___________________________________________--===============-----:::::::......___________________________________________
_____________________________________________----===========----:::::......._____________________________________________
________________________________________________----=======----::::......________________________________________________
___________________________________________________-----==---:::......___________________________________________________
______________________________________________________-------::....______________________________________________________
_________________________________________________________---:..._________________________________________________________
___________________________________________________________-:.___________________________________________________________
_________________________________________________________________________________________________________________________
_________________________________________________________________________________________________________________________
_________________________________________________________________________________________________________________________
_________________________________________________________________________________________________________________________
_________________________________________________________________________________________________________________________
_________________________________________________________________________________________________________________________
_________________________________________________________________________________________________________________________
_________________________________________________________________________________________________________________________
_________________________________________________________________________________________________________________________
_________________________________________________________________________________________________________________________
_________________________________________________________________________________________________________________________
